saber el directorio de un archivo ejecutable
which git 
http://blog.bobbyallen.me/2012/07/23/installing-a-git-server-using-apache-webdav-on-ubuntu-server-12-04/
log de git
http://thelucid.com/2008/12/02/git-setting-up-a-remote-repository-and-doing-an-initial-push/
http://superuser.com/questions/643094/can-i-git-clone-into-a-directory-without-cloning-the-project-name-as-a-directory
C:\citric>git init
Initialized empty Git repository in C:/citric/.git/

C:\citric>git add .

C:\citric>git commit -m "repositorio demo"
[master (root-commit) 6f8b0fa] repositorio demo
 1 file changed, 1 insertion(+)
 create mode 100644 test.xml

C:\citric>git remote add hostdime ssh://root@s72.29.87.162:1157/home/gestionaloa
p/public_html/reponow

C:\citric>git push hostdime master
ssh: Could not resolve hostname s72.29.87.162: no address associated with name
fatal: Could not read from remote repository.

Please make sure you have the correct access rights
and the repository exists.

C:\citric>git remote add hostdime ssh://root@72.29.87.162:1157/home/gestionaloap
/public_html/reponow
fatal: remote hostdime already exists.

C:\citric>git remote add hostdime1 ssh://root@72.29.87.162:1157/home/gestionaloa
p/public_html/reponow

C:\citric>git push hostdime1 master
The authenticity of host '[72.29.87.162]:1157 ([72.29.87.162]:1157)' can't be es
tablished.
RSA key fingerprint is a5:27:f2:a3:a2:04:26:4e:e1:14:29:7e:a5:2d:f0:f8.
Are you sure you want to continue connecting (yes/no)? yes
Warning: Permanently added '[72.29.87.162]:1157' (RSA) to the list of known host
s.
root@72.29.87.162's password:
stdin: is not a tty
Counting objects: 3, done.
Writing objects: 100% (3/3), 216 bytes | 0 bytes/s, done.
Total 3 (delta 0), reused 0 (delta 0)
To ssh://root@72.29.87.162:1157/home/gestionaloap/public_html/reponow
 * [new branch]      master -> master

C:\citric>git add .

C:\citric>git commit -m "prueba final"
[master 1554a78] prueba final
 1 file changed, 5 insertions(+), 1 deletion(-)

C:\citric>git push hostdime1 master
root@72.29.87.162's password:
stdin: is not a tty
Counting objects: 5, done.
Writing objects: 100% (3/3), 270 bytes | 0 bytes/s, done.
Total 3 (delta 0), reused 0 (delta 0)
To ssh://root@72.29.87.162:1157/home/gestionaloap/public_html/reponow
   6f8b0fa..1554a78  master -> master

C:\citric>git show test.xml
commit 1554a7873a814b2a3d89a66ce3b8cede7db68070
Author: heanfig <heanfig@gmail.com>
Date:   Sat Jan 31 21:24:44 2015 -0500

    prueba final

diff --git a/test.xml b/test.xml
index d6a33cb..ab4cef1 100644
--- a/test.xml
+++ b/test.xml
@@ -1 +1,5 @@
-test xml
\ No newline at end of file
+test xml
+tableer
+termt
+errorcodeter
+

C:\citric>git add .

C:\citric>git commit -m "prueba final"
[master aaace5f] prueba final
 1 file changed, 0 insertions(+), 0 deletions(-)
 create mode 100644 formato_hoja_vida_ diana.doc

C:\citric>git commit -m "prueba finals"
On branch master
nothing to commit, working directory clean

C:\citric>git add .

C:\citric>git commit -m "prueba finalsd"
On branch master
nothing to commit, working directory clean

C:\citric>git push hostdime1 master
root@72.29.87.162's password:
stdin: is not a tty
Counting objects: 4, done.
Compressing objects: 100% (3/3), done.
Writing objects: 100% (3/3), 59.76 KiB | 0 bytes/s, done.
Total 3 (delta 0), reused 0 (delta 0)
To ssh://root@72.29.87.162:1157/home/gestionaloap/public_html/reponow
   1554a78..aaace5f  master -> master

C:\citric>git
usage: git [--version] [--help] [-C <path>] [-c name=value]
           [--exec-path[=<path>]] [--html-path] [--man-path] [--info-path]
           [-p|--paginate|--no-pager] [--no-replace-objects] [--bare]
           [--git-dir=<path>] [--work-tree=<path>] [--namespace=<name>]
           <command> [<args>]

The most commonly used git commands are:
   add        Add file contents to the index
   bisect     Find by binary search the change that introduced a bug
   branch     List, create, or delete branches
   checkout   Checkout a branch or paths to the working tree
   clone      Clone a repository into a new directory
   commit     Record changes to the repository
   diff       Show changes between commits, commit and working tree, etc
   fetch      Download objects and refs from another repository
   grep       Print lines matching a pattern
   init       Create an empty Git repository or reinitialize an existing one
   log        Show commit logs
   merge      Join two or more development histories together
   mv         Move or rename a file, a directory, or a symlink
   pull       Fetch from and integrate with another repository or a local branch

   push       Update remote refs along with associated objects
   rebase     Forward-port local commits to the updated upstream head
   reset      Reset current HEAD to the specified state
   rm         Remove files from the working tree and from the index
   show       Show various types of objects
   status     Show the working tree status
   tag        Create, list, delete or verify a tag object signed with GPG

'git help -a' and 'git help -g' lists available subcommands and some
concept guides. See 'git help <command>' or 'git help <concept>'
to read about a specific subcommand or concept.

C:\citric>git log
commit aaace5fef2a813941df6de283f6d3c1a6c784ce2
Author: heanfig <heanfig@gmail.com>
Date:   Sat Jan 31 21:53:23 2015 -0500

    prueba final

commit 1554a7873a814b2a3d89a66ce3b8cede7db68070
Author: heanfig <heanfig@gmail.com>
Date:   Sat Jan 31 21:24:44 2015 -0500

    prueba final

commit 6f8b0fa224d3af85a92888d1d36ac375ef2fa403
Author: heanfig <heanfig@gmail.com>
Date:   Sat Jan 31 21:17:10 2015 -0500

    repositorio demo

C:\citric>git status
On branch master
nothing to commit, working directory clean

C:\citric>git --help
usage: git [--version] [--help] [-C <path>] [-c name=value]
           [--exec-path[=<path>]] [--html-path] [--man-path] [--info-path]
           [-p|--paginate|--no-pager] [--no-replace-objects] [--bare]
           [--git-dir=<path>] [--work-tree=<path>] [--namespace=<name>]
           <command> [<args>]

The most commonly used git commands are:
   add        Add file contents to the index
   bisect     Find by binary search the change that introduced a bug
   branch     List, create, or delete branches
   checkout   Checkout a branch or paths to the working tree
   clone      Clone a repository into a new directory
   commit     Record changes to the repository
   diff       Show changes between commits, commit and working tree, etc
   fetch      Download objects and refs from another repository
   grep       Print lines matching a pattern
   init       Create an empty Git repository or reinitialize an existing one
   log        Show commit logs
   merge      Join two or more development histories together
   mv         Move or rename a file, a directory, or a symlink
   pull       Fetch from and integrate with another repository or a local branch

   push       Update remote refs along with associated objects
   rebase     Forward-port local commits to the updated upstream head
   reset      Reset current HEAD to the specified state
   rm         Remove files from the working tree and from the index
   show       Show various types of objects
   status     Show the working tree status
   tag        Create, list, delete or verify a tag object signed with GPG

'git help -a' and 'git help -g' lists available subcommands and some
concept guides. See 'git help <command>' or 'git help <concept>'
to read about a specific subcommand or concept.

C:\citric>git --version
git version 1.9.4.msysgit.1

C:\citric>git -C
No directory given for -C.
usage: git [--version] [--help] [-C <path>] [-c name=value]
           [--exec-path[=<path>]] [--html-path] [--man-path] [--info-path]
           [-p|--paginate|--no-pager] [--no-replace-objects] [--bare]
           [--git-dir=<path>] [--work-tree=<path>] [--namespace=<name>]
           <command> [<args>]

C:\citric>git -git-dir
Unknown option: -git-dir
usage: git [--version] [--help] [-C <path>] [-c name=value]
           [--exec-path[=<path>]] [--html-path] [--man-path] [--info-path]
           [-p|--paginate|--no-pager] [--no-replace-objects] [--bare]
           [--git-dir=<path>] [--work-tree=<path>] [--namespace=<name>]
           <command> [<args>]

C:\citric>git git-config
git: 'git-config' is not a git command. See 'git --help'.

C:\citric>git-config
"git-config" no se reconoce como un comando interno o externo,
programa o archivo por lotes ejecutable.

C:\citric>git --show-toplevel
Unknown option: --show-toplevel
usage: git [--version] [--help] [-C <path>] [-c name=value]
           [--exec-path[=<path>]] [--html-path] [--man-path] [--info-path]
           [-p|--paginate|--no-pager] [--no-replace-objects] [--bare]
           [--git-dir=<path>] [--work-tree=<path>] [--namespace=<name>]
           <command> [<args>]

C:\citric>git rev-parse --git-dir
.git

C:\citric>git --git-dir
No directory given for --git-dir.
usage: git [--version] [--help] [-C <path>] [-c name=value]
           [--exec-path[=<path>]] [--html-path] [--man-path] [--info-path]
           [-p|--paginate|--no-pager] [--no-replace-objects] [--bare]
           [--git-dir=<path>] [--work-tree=<path>] [--namespace=<name>]
           <command> [<args>]

C:\citric>git rev-parse

C:\citric>git rev-parse --git-dir
.git

C:\citric>git rev-parse --show-cdup


C:\citric>git rev-parse --git-dir
.git

C:\citric>git --version
git version 1.9.4.msysgit.1

C:\citric>